../Core/Inc/ecen-361-lab03-support.h:34:6:Scheduler_Init	4	static
../Core/Inc/ecen-361-lab03-support.h:37:6:Scheduler_Toggle_Suspend	16	static
../Core/Inc/ecen-361-lab03-support.h:45:6:Scheduler_StartTask	16	static
../Core/Inc/ecen-361-lab03-support.h:67:6:D1_task	8	static
../Core/Inc/ecen-361-lab03-support.h:74:6:D4_task	8	static
../Core/Inc/ecen-361-lab03-support.h:79:6:uartout_task	4	static
../Core/Inc/ecen-361-lab03-support.h:87:6:idle_process	16	static
../Core/Src/main.c:87:8:Scheduler_Dispatch	16	static
../Core/Src/main.c:113:5:main	8	static
../Core/Src/main.c:187:6:SystemClock_Config	96	static
../Core/Src/main.c:237:13:MX_TIM1_Init	40	static
../Core/Src/main.c:284:13:MX_TIM17_Init	8	static
../Core/Src/main.c:316:13:MX_USART2_UART_Init	8	static
../Core/Src/main.c:351:13:MX_GPIO_Init	48	static
../Core/Src/main.c:438:1:__io_putchar	16	static
../Core/Src/main.c:449:6:HAL_GPIO_EXTI_Callback	16	static,ignoring_inline_asm
../Core/Src/main.c:469:6:HAL_TIM_PeriodElapsedCallback	16	static
../Core/Src/main.c:488:6:Error_Handler	4	static,ignoring_inline_asm
