../Core/Src/main.c:103:6:Scheduler_Init	4	static
../Core/Src/main.c:108:6:Scheduler_StartTask	16	static
../Core/Src/main.c:120:6:Scheduler_Dispatch	4	static
../Core/Src/main.c:130:6:blue_task	8	static
../Core/Src/main.c:137:6:green_task	8	static
../Core/Src/main.c:143:6:idle_process	8	static
../Core/Src/main.c:167:5:main	8	static
../Core/Src/main.c:229:6:SystemClock_Config	96	static
../Core/Src/main.c:279:13:MX_USART2_UART_Init	8	static
../Core/Src/main.c:314:13:MX_GPIO_Init	48	static
../Core/Src/main.c:354:6:Error_Handler	4	static,ignoring_inline_asm
