../Core/Inc/ecen-361-lab03-support.h:37:6:Scheduler_Init	4	static
../Core/Inc/ecen-361-lab03-support.h:50:6:Scheduler_StartTask	24	static
../Core/Inc/ecen-361-lab03-support.h:63:5:find_task_number	24	static
../Core/Inc/ecen-361-lab03-support.h:75:6:Scheduler_Toggle_Suspend	24	static
../Core/Inc/ecen-361-lab03-support.h:93:6:D1_task	8	static
../Core/Inc/ecen-361-lab03-support.h:99:6:D4_task	8	static
../Core/Inc/ecen-361-lab03-support.h:104:6:uartout_task	4	static
../Core/Inc/ecen-361-lab03-support.h:112:6:idle_process	8	static
../Core/Src/main.c:81:8:Scheduler_Dispatch	24	static
../Core/Src/main.c:126:5:main	8	static
../Core/Src/main.c:200:6:SystemClock_Config	96	static
../Core/Src/main.c:250:13:MX_TIM1_Init	40	static
../Core/Src/main.c:297:13:MX_TIM17_Init	8	static
../Core/Src/main.c:329:13:MX_USART2_UART_Init	8	static
../Core/Src/main.c:364:13:MX_GPIO_Init	48	static
../Core/Src/main.c:451:1:__io_putchar	16	static
../Core/Src/main.c:462:6:HAL_GPIO_EXTI_Callback	16	static,ignoring_inline_asm
../Core/Src/main.c:484:6:HAL_TIM_PeriodElapsedCallback	16	static
../Core/Src/main.c:503:6:Error_Handler	4	static,ignoring_inline_asm
